[2026-05-05 17:31:38] laravel.EMERGENCY: Unable to create configured logger. Using emergency logger. {"exception":"[object] (InvalidArgumentException(code: 0): Log [] is not defined. at /home/inext/DEV/glasco/vendor/laravel/framework/src/Illuminate/Log/LogManager.php:212)
[stacktrace]
#0 /home/inext/DEV/glasco/vendor/laravel/framework/src/Illuminate/Log/LogManager.php(137): Illuminate\\Log\\LogManager->resolve()
#1 /home/inext/DEV/glasco/vendor/laravel/framework/src/Illuminate/Log/LogManager.php(124): Illuminate\\Log\\LogManager->get()
#2 /home/inext/DEV/glasco/vendor/laravel/framework/src/Illuminate/Log/LogManager.php(681): Illuminate\\Log\\LogManager->driver()
#3 /home/inext/DEV/glasco/vendor/laravel/framework/src/Illuminate/Foundation/Exceptions/Handler.php(317): Illuminate\\Log\\LogManager->error()
#4 /home/inext/DEV/glasco/vendor/laravel/framework/src/Illuminate/Foundation/Exceptions/Handler.php(278): Illuminate\\Foundation\\Exceptions\\Handler->reportThrowable()
#5 /home/inext/DEV/glasco/vendor/laravel/framework/src/Illuminate/Foundation/Console/Kernel.php(523): Illuminate\\Foundation\\Exceptions\\Handler->report()
#6 /home/inext/DEV/glasco/vendor/laravel/framework/src/Illuminate/Foundation/Console/Kernel.php(203): Illuminate\\Foundation\\Console\\Kernel->reportException()
#7 /home/inext/DEV/glasco/artisan(35): Illuminate\\Foundation\\Console\\Kernel->handle()
#8 {main}
"} 
[2026-05-05 17:31:38] laravel.ERROR: The /home/inext/DEV/glasco/bootstrap/cache directory must be present and writable. {"exception":"[object] (Exception(code: 0): The /home/inext/DEV/glasco/bootstrap/cache directory must be present and writable. at /home/inext/DEV/glasco/vendor/laravel/framework/src/Illuminate/Foundation/PackageManifest.php:178)
[stacktrace]
#0 /home/inext/DEV/glasco/vendor/laravel/framework/src/Illuminate/Foundation/PackageManifest.php(131): Illuminate\\Foundation\\PackageManifest->write()
#1 /home/inext/DEV/glasco/vendor/laravel/framework/src/Illuminate/Foundation/PackageManifest.php(107): Illuminate\\Foundation\\PackageManifest->build()
#2 /home/inext/DEV/glasco/vendor/laravel/framework/src/Illuminate/Foundation/PackageManifest.php(90): Illuminate\\Foundation\\PackageManifest->getManifest()
#3 /home/inext/DEV/glasco/vendor/laravel/framework/src/Illuminate/Foundation/PackageManifest.php(79): Illuminate\\Foundation\\PackageManifest->config()
#4 /home/inext/DEV/glasco/vendor/laravel/framework/src/Illuminate/Foundation/Bootstrap/RegisterFacades.php(26): Illuminate\\Foundation\\PackageManifest->aliases()
#5 /home/inext/DEV/glasco/vendor/laravel/framework/src/Illuminate/Foundation/Application.php(286): Illuminate\\Foundation\\Bootstrap\\RegisterFacades->bootstrap()
#6 /home/inext/DEV/glasco/vendor/laravel/framework/src/Illuminate/Foundation/Console/Kernel.php(447): Illuminate\\Foundation\\Application->bootstrapWith()
#7 /home/inext/DEV/glasco/vendor/laravel/framework/src/Illuminate/Foundation/Console/Kernel.php(199): Illuminate\\Foundation\\Console\\Kernel->bootstrap()
#8 /home/inext/DEV/glasco/artisan(35): Illuminate\\Foundation\\Console\\Kernel->handle()
#9 {main}
"} 
[2026-05-05 17:31:47] laravel.EMERGENCY: Unable to create configured logger. Using emergency logger. {"exception":"[object] (InvalidArgumentException(code: 0): Log [] is not defined. at /home/inext/DEV/glasco/vendor/laravel/framework/src/Illuminate/Log/LogManager.php:212)
[stacktrace]
#0 /home/inext/DEV/glasco/vendor/laravel/framework/src/Illuminate/Log/LogManager.php(137): Illuminate\\Log\\LogManager->resolve()
#1 /home/inext/DEV/glasco/vendor/laravel/framework/src/Illuminate/Log/LogManager.php(124): Illuminate\\Log\\LogManager->get()
#2 /home/inext/DEV/glasco/vendor/laravel/framework/src/Illuminate/Log/LogManager.php(681): Illuminate\\Log\\LogManager->driver()
#3 /home/inext/DEV/glasco/vendor/laravel/framework/src/Illuminate/Foundation/Exceptions/Handler.php(317): Illuminate\\Log\\LogManager->error()
#4 /home/inext/DEV/glasco/vendor/laravel/framework/src/Illuminate/Foundation/Exceptions/Handler.php(278): Illuminate\\Foundation\\Exceptions\\Handler->reportThrowable()
#5 /home/inext/DEV/glasco/vendor/laravel/framework/src/Illuminate/Foundation/Console/Kernel.php(523): Illuminate\\Foundation\\Exceptions\\Handler->report()
#6 /home/inext/DEV/glasco/vendor/laravel/framework/src/Illuminate/Foundation/Console/Kernel.php(203): Illuminate\\Foundation\\Console\\Kernel->reportException()
#7 /home/inext/DEV/glasco/artisan(35): Illuminate\\Foundation\\Console\\Kernel->handle()
#8 {main}
"} 
[2026-05-05 17:31:47] laravel.ERROR: require(/home/inext/DEV/glasco/routes/console.php): Failed to open stream: No such file or directory {"exception":"[object] (ErrorException(code: 0): require(/home/inext/DEV/glasco/routes/console.php): Failed to open stream: No such file or directory at /home/inext/DEV/glasco/app/Console/Kernel.php:25)
[stacktrace]
#0 /home/inext/DEV/glasco/vendor/laravel/framework/src/Illuminate/Foundation/Bootstrap/HandleExceptions.php(255): Illuminate\\Foundation\\Bootstrap\\HandleExceptions->handleError()
#1 /home/inext/DEV/glasco/app/Console/Kernel.php(25): Illuminate\\Foundation\\Bootstrap\\HandleExceptions->{closure:Illuminate\\Foundation\\Bootstrap\\HandleExceptions::forwardsTo():254}()
#2 /home/inext/DEV/glasco/app/Console/Kernel.php(25): require('...')
#3 /home/inext/DEV/glasco/vendor/laravel/framework/src/Illuminate/Foundation/Console/Kernel.php(453): App\\Console\\Kernel->commands()
#4 /home/inext/DEV/glasco/vendor/laravel/framework/src/Illuminate/Foundation/Console/Kernel.php(199): Illuminate\\Foundation\\Console\\Kernel->bootstrap()
#5 /home/inext/DEV/glasco/artisan(35): Illuminate\\Foundation\\Console\\Kernel->handle()
#6 {main}
"} 
[2026-05-05 17:32:07] laravel.EMERGENCY: Unable to create configured logger. Using emergency logger. {"exception":"[object] (InvalidArgumentException(code: 0): Log [] is not defined. at /home/inext/DEV/glasco/vendor/laravel/framework/src/Illuminate/Log/LogManager.php:212)
[stacktrace]
#0 /home/inext/DEV/glasco/vendor/laravel/framework/src/Illuminate/Log/LogManager.php(137): Illuminate\\Log\\LogManager->resolve()
#1 /home/inext/DEV/glasco/vendor/laravel/framework/src/Illuminate/Log/LogManager.php(124): Illuminate\\Log\\LogManager->get()
#2 /home/inext/DEV/glasco/vendor/laravel/framework/src/Illuminate/Log/LogManager.php(681): Illuminate\\Log\\LogManager->driver()
#3 /home/inext/DEV/glasco/vendor/laravel/framework/src/Illuminate/Foundation/Exceptions/Handler.php(317): Illuminate\\Log\\LogManager->error()
#4 /home/inext/DEV/glasco/vendor/laravel/framework/src/Illuminate/Foundation/Exceptions/Handler.php(278): Illuminate\\Foundation\\Exceptions\\Handler->reportThrowable()
#5 /home/inext/DEV/glasco/vendor/laravel/framework/src/Illuminate/Foundation/Console/Kernel.php(523): Illuminate\\Foundation\\Exceptions\\Handler->report()
#6 /home/inext/DEV/glasco/vendor/laravel/framework/src/Illuminate/Foundation/Console/Kernel.php(203): Illuminate\\Foundation\\Console\\Kernel->reportException()
#7 /home/inext/DEV/glasco/artisan(35): Illuminate\\Foundation\\Console\\Kernel->handle()
#8 {main}
"} 
[2026-05-05 17:32:07] laravel.ERROR: Method Illuminate\Foundation\Console\ClosureCommand::hourly does not exist. {"exception":"[object] (BadMethodCallException(code: 0): Method Illuminate\\Foundation\\Console\\ClosureCommand::hourly does not exist. at /home/inext/DEV/glasco/vendor/laravel/framework/src/Illuminate/Macroable/Traits/Macroable.php:112)
[stacktrace]
#0 /home/inext/DEV/glasco/routes/console.php(8): Illuminate\\Console\\Command->__call()
#1 /home/inext/DEV/glasco/app/Console/Kernel.php(25): require('...')
#2 /home/inext/DEV/glasco/vendor/laravel/framework/src/Illuminate/Foundation/Console/Kernel.php(453): App\\Console\\Kernel->commands()
#3 /home/inext/DEV/glasco/vendor/laravel/framework/src/Illuminate/Foundation/Console/Kernel.php(199): Illuminate\\Foundation\\Console\\Kernel->bootstrap()
#4 /home/inext/DEV/glasco/artisan(35): Illuminate\\Foundation\\Console\\Kernel->handle()
#5 {main}
"} 
[2026-05-05 17:32:23] laravel.EMERGENCY: Unable to create configured logger. Using emergency logger. {"exception":"[object] (InvalidArgumentException(code: 0): Log [] is not defined. at /home/inext/DEV/glasco/vendor/laravel/framework/src/Illuminate/Log/LogManager.php:212)
[stacktrace]
#0 /home/inext/DEV/glasco/vendor/laravel/framework/src/Illuminate/Log/LogManager.php(137): Illuminate\\Log\\LogManager->resolve()
#1 /home/inext/DEV/glasco/vendor/laravel/framework/src/Illuminate/Log/LogManager.php(124): Illuminate\\Log\\LogManager->get()
#2 /home/inext/DEV/glasco/vendor/laravel/framework/src/Illuminate/Log/LogManager.php(681): Illuminate\\Log\\LogManager->driver()
#3 /home/inext/DEV/glasco/vendor/laravel/framework/src/Illuminate/Foundation/Exceptions/Handler.php(317): Illuminate\\Log\\LogManager->error()
#4 /home/inext/DEV/glasco/vendor/laravel/framework/src/Illuminate/Foundation/Exceptions/Handler.php(278): Illuminate\\Foundation\\Exceptions\\Handler->reportThrowable()
#5 /home/inext/DEV/glasco/vendor/laravel/framework/src/Illuminate/Foundation/Console/Kernel.php(523): Illuminate\\Foundation\\Exceptions\\Handler->report()
#6 /home/inext/DEV/glasco/vendor/laravel/framework/src/Illuminate/Foundation/Console/Kernel.php(203): Illuminate\\Foundation\\Console\\Kernel->reportException()
#7 /home/inext/DEV/glasco/artisan(35): Illuminate\\Foundation\\Console\\Kernel->handle()
#8 {main}
"} 
[2026-05-05 17:32:23] laravel.ERROR: There are no commands defined in the "key" namespace. {"exception":"[object] (Symfony\\Component\\Console\\Exception\\NamespaceNotFoundException(code: 0): There are no commands defined in the \"key\" namespace. at /home/inext/DEV/glasco/vendor/symfony/console/Application.php:678)
[stacktrace]
#0 /home/inext/DEV/glasco/vendor/symfony/console/Application.php(729): Symfony\\Component\\Console\\Application->findNamespace()
#1 /home/inext/DEV/glasco/vendor/symfony/console/Application.php(266): Symfony\\Component\\Console\\Application->find()
#2 /home/inext/DEV/glasco/vendor/symfony/console/Application.php(175): Symfony\\Component\\Console\\Application->doRun()
#3 /home/inext/DEV/glasco/vendor/laravel/framework/src/Illuminate/Foundation/Console/Kernel.php(201): Symfony\\Component\\Console\\Application->run()
#4 /home/inext/DEV/glasco/artisan(35): Illuminate\\Foundation\\Console\\Kernel->handle()
#5 {main}
"} 
[2026-05-05 18:00:03] local.ERROR: There are no commands defined in the "key" namespace. {"exception":"[object] (Symfony\\Component\\Console\\Exception\\NamespaceNotFoundException(code: 0): There are no commands defined in the \"key\" namespace. at /home/inext/DEV/glasco/vendor/symfony/console/Application.php:678)
[stacktrace]
#0 /home/inext/DEV/glasco/vendor/symfony/console/Application.php(729): Symfony\\Component\\Console\\Application->findNamespace()
#1 /home/inext/DEV/glasco/vendor/symfony/console/Application.php(266): Symfony\\Component\\Console\\Application->find()
#2 /home/inext/DEV/glasco/vendor/symfony/console/Application.php(175): Symfony\\Component\\Console\\Application->doRun()
#3 /home/inext/DEV/glasco/vendor/laravel/framework/src/Illuminate/Foundation/Console/Kernel.php(201): Symfony\\Component\\Console\\Application->run()
#4 /home/inext/DEV/glasco/artisan(35): Illuminate\\Foundation\\Console\\Kernel->handle()
#5 {main}
"} 
[2026-05-05 18:00:05] local.ERROR: There are no commands defined in the "config" namespace. {"exception":"[object] (Symfony\\Component\\Console\\Exception\\NamespaceNotFoundException(code: 0): There are no commands defined in the \"config\" namespace. at /home/inext/DEV/glasco/vendor/symfony/console/Application.php:678)
[stacktrace]
#0 /home/inext/DEV/glasco/vendor/symfony/console/Application.php(729): Symfony\\Component\\Console\\Application->findNamespace()
#1 /home/inext/DEV/glasco/vendor/symfony/console/Application.php(266): Symfony\\Component\\Console\\Application->find()
#2 /home/inext/DEV/glasco/vendor/symfony/console/Application.php(175): Symfony\\Component\\Console\\Application->doRun()
#3 /home/inext/DEV/glasco/vendor/laravel/framework/src/Illuminate/Foundation/Console/Kernel.php(201): Symfony\\Component\\Console\\Application->run()
#4 /home/inext/DEV/glasco/artisan(35): Illuminate\\Foundation\\Console\\Kernel->handle()
#5 {main}
"} 
[2026-05-05 18:00:08] local.ERROR: There are no commands defined in the "route" namespace. {"exception":"[object] (Symfony\\Component\\Console\\Exception\\NamespaceNotFoundException(code: 0): There are no commands defined in the \"route\" namespace. at /home/inext/DEV/glasco/vendor/symfony/console/Application.php:678)
[stacktrace]
#0 /home/inext/DEV/glasco/vendor/symfony/console/Application.php(729): Symfony\\Component\\Console\\Application->findNamespace()
#1 /home/inext/DEV/glasco/vendor/symfony/console/Application.php(266): Symfony\\Component\\Console\\Application->find()
#2 /home/inext/DEV/glasco/vendor/symfony/console/Application.php(175): Symfony\\Component\\Console\\Application->doRun()
#3 /home/inext/DEV/glasco/vendor/laravel/framework/src/Illuminate/Foundation/Console/Kernel.php(201): Symfony\\Component\\Console\\Application->run()
#4 /home/inext/DEV/glasco/artisan(35): Illuminate\\Foundation\\Console\\Kernel->handle()
#5 {main}
"} 
[2026-05-05 18:00:09] local.ERROR: There are no commands defined in the "view" namespace. {"exception":"[object] (Symfony\\Component\\Console\\Exception\\NamespaceNotFoundException(code: 0): There are no commands defined in the \"view\" namespace. at /home/inext/DEV/glasco/vendor/symfony/console/Application.php:678)
[stacktrace]
#0 /home/inext/DEV/glasco/vendor/symfony/console/Application.php(729): Symfony\\Component\\Console\\Application->findNamespace()
#1 /home/inext/DEV/glasco/vendor/symfony/console/Application.php(266): Symfony\\Component\\Console\\Application->find()
#2 /home/inext/DEV/glasco/vendor/symfony/console/Application.php(175): Symfony\\Component\\Console\\Application->doRun()
#3 /home/inext/DEV/glasco/vendor/laravel/framework/src/Illuminate/Foundation/Console/Kernel.php(201): Symfony\\Component\\Console\\Application->run()
#4 /home/inext/DEV/glasco/artisan(35): Illuminate\\Foundation\\Console\\Kernel->handle()
#5 {main}
"} 
[2026-05-05 18:04:17] local.ERROR: There are no commands defined in the "storage" namespace. {"exception":"[object] (Symfony\\Component\\Console\\Exception\\NamespaceNotFoundException(code: 0): There are no commands defined in the \"storage\" namespace. at /home/inext/DEV/glasco/vendor/symfony/console/Application.php:678)
[stacktrace]
#0 /home/inext/DEV/glasco/vendor/symfony/console/Application.php(729): Symfony\\Component\\Console\\Application->findNamespace()
#1 /home/inext/DEV/glasco/vendor/symfony/console/Application.php(266): Symfony\\Component\\Console\\Application->find()
#2 /home/inext/DEV/glasco/vendor/symfony/console/Application.php(175): Symfony\\Component\\Console\\Application->doRun()
#3 /home/inext/DEV/glasco/vendor/laravel/framework/src/Illuminate/Foundation/Console/Kernel.php(201): Symfony\\Component\\Console\\Application->run()
#4 /home/inext/DEV/glasco/artisan(35): Illuminate\\Foundation\\Console\\Kernel->handle()
#5 {main}
"} 
[2026-05-05 18:05:05] local.ERROR: Command "serve" is not defined. {"exception":"[object] (Symfony\\Component\\Console\\Exception\\CommandNotFoundException(code: 0): Command \"serve\" is not defined. at /home/inext/DEV/glasco/vendor/symfony/console/Application.php:745)
[stacktrace]
#0 /home/inext/DEV/glasco/vendor/symfony/console/Application.php(266): Symfony\\Component\\Console\\Application->find()
#1 /home/inext/DEV/glasco/vendor/symfony/console/Application.php(175): Symfony\\Component\\Console\\Application->doRun()
#2 /home/inext/DEV/glasco/vendor/laravel/framework/src/Illuminate/Foundation/Console/Kernel.php(201): Symfony\\Component\\Console\\Application->run()
#3 /home/inext/DEV/glasco/artisan(35): Illuminate\\Foundation\\Console\\Kernel->handle()
#4 {main}
"} 
[2026-05-05 18:05:43] local.ERROR: There are no commands defined in the "storage" namespace. {"exception":"[object] (Symfony\\Component\\Console\\Exception\\NamespaceNotFoundException(code: 0): There are no commands defined in the \"storage\" namespace. at /home/inext/DEV/glasco/vendor/symfony/console/Application.php:678)
[stacktrace]
#0 /home/inext/DEV/glasco/vendor/symfony/console/Application.php(729): Symfony\\Component\\Console\\Application->findNamespace()
#1 /home/inext/DEV/glasco/vendor/symfony/console/Application.php(266): Symfony\\Component\\Console\\Application->find()
#2 /home/inext/DEV/glasco/vendor/symfony/console/Application.php(175): Symfony\\Component\\Console\\Application->doRun()
#3 /home/inext/DEV/glasco/vendor/laravel/framework/src/Illuminate/Foundation/Console/Kernel.php(201): Symfony\\Component\\Console\\Application->run()
#4 /home/inext/DEV/glasco/artisan(35): Illuminate\\Foundation\\Console\\Kernel->handle()
#5 {main}
"} 
[2026-05-05 18:05:45] local.ERROR: Command "migrate" is not defined. {"exception":"[object] (Symfony\\Component\\Console\\Exception\\CommandNotFoundException(code: 0): Command \"migrate\" is not defined. at /home/inext/DEV/glasco/vendor/symfony/console/Application.php:745)
[stacktrace]
#0 /home/inext/DEV/glasco/vendor/symfony/console/Application.php(266): Symfony\\Component\\Console\\Application->find()
#1 /home/inext/DEV/glasco/vendor/symfony/console/Application.php(175): Symfony\\Component\\Console\\Application->doRun()
#2 /home/inext/DEV/glasco/vendor/laravel/framework/src/Illuminate/Foundation/Console/Kernel.php(201): Symfony\\Component\\Console\\Application->run()
#3 /home/inext/DEV/glasco/artisan(35): Illuminate\\Foundation\\Console\\Kernel->handle()
#4 {main}
"} 
[2026-05-05 18:05:47] local.ERROR: There are no commands defined in the "db" namespace. {"exception":"[object] (Symfony\\Component\\Console\\Exception\\NamespaceNotFoundException(code: 0): There are no commands defined in the \"db\" namespace. at /home/inext/DEV/glasco/vendor/symfony/console/Application.php:678)
[stacktrace]
#0 /home/inext/DEV/glasco/vendor/symfony/console/Application.php(729): Symfony\\Component\\Console\\Application->findNamespace()
#1 /home/inext/DEV/glasco/vendor/symfony/console/Application.php(266): Symfony\\Component\\Console\\Application->find()
#2 /home/inext/DEV/glasco/vendor/symfony/console/Application.php(175): Symfony\\Component\\Console\\Application->doRun()
#3 /home/inext/DEV/glasco/vendor/laravel/framework/src/Illuminate/Foundation/Console/Kernel.php(201): Symfony\\Component\\Console\\Application->run()
#4 /home/inext/DEV/glasco/artisan(35): Illuminate\\Foundation\\Console\\Kernel->handle()
#5 {main}
"} 
[2026-05-05 18:05:48] local.ERROR: Command "serve" is not defined. {"exception":"[object] (Symfony\\Component\\Console\\Exception\\CommandNotFoundException(code: 0): Command \"serve\" is not defined. at /home/inext/DEV/glasco/vendor/symfony/console/Application.php:745)
[stacktrace]
#0 /home/inext/DEV/glasco/vendor/symfony/console/Application.php(266): Symfony\\Component\\Console\\Application->find()
#1 /home/inext/DEV/glasco/vendor/symfony/console/Application.php(175): Symfony\\Component\\Console\\Application->doRun()
#2 /home/inext/DEV/glasco/vendor/laravel/framework/src/Illuminate/Foundation/Console/Kernel.php(201): Symfony\\Component\\Console\\Application->run()
#3 /home/inext/DEV/glasco/artisan(35): Illuminate\\Foundation\\Console\\Kernel->handle()
#4 {main}
"} 
